ERRORS
0
DRAW

END

ERRORS
1
DRAW









____|_______
END

ERRORS
2
DRAW







    |
    |
____|_______
END

ERRORS
3
DRAW
     



    |
    |
    |
    |
    |
____|_______
END

ERRORS
4
DRAW

    |
    |
    |
    |
    |
    |
    |
    |
____|_______
END

ERRORS
5
DRAW
    ________
    |/
    |
    |
    |
    |
    |
    |
    |
____|_______
END

ERRORS
6
DRAW
     ________
    |/      |
    |
    |
    |
    |
    |
    |
    |
____|_______
END

ERRORS
7
DRAW
    ________
    |/     |
    |    (*_*)
    |
    |
    |
    |
    |
    |
____|_______
END

ERRORS
8
DRAW8
    ________
    |/     |
    |    (*_*)
    |      |
    |      |
    |      |
    |      |
    |
    |
____|_______
END

ERRORS
9
DRAW
    ________
    |/     |
    |    (*_*)
    |     _|
    |    / |
    |   /  |
    |
    |
    |
____|_______
END

ERRORS
10
DRAW
    ________
    |/     |
    |    (*_*)
    |     _|_
    |    / | \
    |   /  |  \
    |
    |
    |
____|_______
END

ERRORS
11
DRAW
    ________
    |/     |
    |    (*_*)
    |     _|_
    |    / | \
    |   / _|  \
    |    |
    |    |
    |    |
____|_______
END

ERRORS
12
DRAW
    ________
    |/     |
    |    (*_*)
    |     _|_
    |    / | \
    |   / _|_ \
    |    |   |
    |    |   |
    |    |   |
____|_______
END

ERRORS
13
DRAW
GAME OVER
END